// Jest Snapshot v1, https://goo.gl/fbAQLP

exports[`Holder Component is the main flex component 1`] = `
.c0 {
  position: absolute;
  display: -webkit-box;
  display: -webkit-flex;
  display: -ms-flexbox;
  display: flex;
  -webkit-flex-direction: column;
  -ms-flex-direction: column;
  flex-direction: column;
  width: 230px;
  border: 1px solid rgb(172,172,172);
  margin-top: 50px;
  padding: 10px;
  padding-top: 0px;
  background-color: white;
}

<div
  className="c0"
>
   things inside 
</div>
`;
