// Jest Snapshot v1, https://goo.gl/fbAQLP

exports[`Dropdown Contents Component renders the adults, children, infants, and their descriptions 1`] = `
Array [
  <DropdownContentsStyling__Holder
    key="adults"
  />,
  <DropdownContentsStyling__Holder
    key="children"
  />,
  <DropdownContentsStyling__Holder
    key="infants"
  />,
]
`;

exports[`Holder Component is the main flex component 1`] = `
.c0 {
  display: -webkit-box;
  display: -webkit-flex;
  display: -ms-flexbox;
  display: flex;
  -webkit-flex-direction: row;
  -ms-flex-direction: row;
  flex-direction: row;
  margin-top: 10px;
  -webkit-box-pack: justify;
  -webkit-justify-content: space-between;
  -ms-flex-pack: justify;
  justify-content: space-between;
}

<div
  className="c0"
>
   things inside 
</div>
`;
